Microchip MPLAB XC8 Compiler V2.05 ()

Linker command line:

-W-3 --edf=C:\Program Files (x86)\Microchip\xc8\v2.05\pic\dat\en_msgs.txt \
  -cs -h+dist/default/production\temperature-lm35.X.production.sym \
  --cmf=dist/default/production\temperature-lm35.X.production.cmf -z \
  -Q18F452 -oC:\Users\DIPANJ~1\AppData\Local\Temp\s4po.2 \
  --defsym=__MPLAB_BUILD=1 \
  -Mdist/default/production/temperature-lm35.X.production.map -E1 -ver=XC8 \
  --acfsm=1493 -ASTACK=080h-05FFh -pstack=STACK -ACODE=00h-03FFFhx2 \
  -ACONST=00h-07FFFh -ASMALLCONST=0600h-06FFhx122 \
  -AMEDIUMCONST=0600h-07FFFh -ACOMRAM=01h-07Fh -AABS1=00h-05FFh \
  -ABIGRAM=01h-05FFh -ARAM=080h-0FFh,0100h-01FFhx5 -ABANK0=080h-0FFh \
  -ABANK1=0100h-01FFh -ABANK2=0200h-02FFh -ABANK3=0300h-03FFh \
  -ABANK4=0400h-04FFh -ABANK5=0500h-05FFh -ASFR=0F80h-0FFFh \
  -preset_vec=00h,intcode,intcodelo,powerup,init -pramtop=0600h \
  -psmallconst=SMALLCONST -pmediumconst=MEDIUMCONST -pconst=CONST \
  -AFARRAM=00h-00h -ACONFIG=0300000h-030000Dh -pconfig=CONFIG \
  -AIDLOC=0200000h-0200007h -pidloc=IDLOC -AEEDATA=0F00000h-0F000FFh \
  -peeprom_data=EEDATA \
  -prdata=COMRAM,nvrram=COMRAM,nvbit=COMRAM,rbss=COMRAM,rbit=COMRAM \
  -pfarbss=FARRAM,fardata=FARRAM,nvFARRAM=FARRAM \
  -pintsave_regs=BIGRAM,bigbss=BIGRAM,bigdata=BIGRAM -pbss=RAM \
  -pidata=CODE,irdata=CODE,ibigdata=CODE,ifardata=CODE -prparam=COMRAM \
  C:\Users\DIPANJ~1\AppData\Local\Temp\s4po.o \
  dist/default/production\temperature-lm35.X.production.o 

Object code version is 3.11

Machine type is 18F452

Call graph: (short form)




                Name                               Link     Load   Length Selector   Space Scale
C:\Users\DIPANJ~1\AppData\Local\Temp\s4po.o
                text                                7B4      7B4        2      304       0
                init                                  2        2        4        0       0
                reset_vec                             0        0        2        0       0
                idloc                            200000   200000        8   200000       0
                config                           300000   300000        E   300000       0
dist/default/production\temperature-lm35.X.production.o
                smallconst                          600      600        8      300       0
                text4                               608      608       90      304       0
                text3                               698      698       60      304       0
                text2                               7A8      7A8        C      304       0
                text1                               74C      74C       4E      304       0
                text0                               6F8      6F8       54      304       0
                cstackCOMRAM                          1        1       1A        1       1
                cinit                               79A      79A        E      304       0

TOTAL           Name                               Link     Load   Length     Space
        CLASS   STACK          

        CLASS   CODE           
                text                                7B4      7B4        2         0
                init                                  2        2        4         0
                reset_vec                             0        0        2         0
                text4                               608      608       90         0
                text3                               698      698       60         0
                text2                               7A8      7A8        C         0
                text1                               74C      74C       4E         0
                text0                               6F8      6F8       54         0
                cinit                               79A      79A        E         0

        CLASS   CONST          

        CLASS   SMALLCONST     
                smallconst                          600      600        8         0

        CLASS   MEDIUMCONST    

        CLASS   COMRAM         
                cstackCOMRAM                          1        1       1A         1

        CLASS   ABS1           

        CLASS   BIGRAM         

        CLASS   RAM            

        CLASS   BANK0          

        CLASS   BANK1          

        CLASS   BANK2          

        CLASS   BANK3          

        CLASS   BANK4          

        CLASS   BANK5          

        CLASS   SFR            

        CLASS   FARRAM         

        CLASS   CONFIG         
                config                           300000   300000        E         0

        CLASS   IDLOC          
                idloc                            200000   200000        8         0

        CLASS   EEDATA         



SEGMENTS        Name                           Load    Length   Top    Selector   Space  Class

                reset_vec                      000000  000006  000006         0       0  CODE    
                cstackCOMRAM                   000001  00001A  00001B         1       1  COMRAM  
                smallconst                     000600  000008  000608       300       0  SMALLCON
                text4                          000608  0001AE  0007B6       304       0  CODE    
                idloc                          200000  000008  200008    200000       0  IDLOC   
                config                         300000  00000E  30000E    300000       0  CONFIG  


UNUSED ADDRESS RANGES

        Name                Unused          Largest block    Delta
        BANK0            000080-0000FF               80
        BANK1            000100-0001FF              100
        BANK2            000200-0002FF              100
        BANK3            000300-0003FF              100
        BANK4            000400-0004FF              100
        BANK5            000500-0005FF              100
        BIGRAM           00001B-0005FF              5E5
        CODE             000006-0005FF              5FA
                         0007B6-007FFF             384A
        COMRAM           00001B-00007F               65
        CONST            000006-0005FF              5FA
                         0007B6-007FFF             784A
        EEDATA           F00000-F000FF              100
        MEDIUMCONST      0007B6-007FFF             784A
        RAM              000080-0005FF              100
        SFR              000F80-000FFF               80
        SMALLCONST       0007B6-007FFF              100
        STACK            000080-0005FF              580

                                  Symbol Table

?___lldiv                                                              cstackCOMRAM 000001
UART_Init@baudrate                                                     cstackCOMRAM 00000E
UART_SendChar@data                                                     cstackCOMRAM 000001
UART_SendString@str                                                    cstackCOMRAM 000001
_RCSTA                                                                 (abs)        000FAB
_SPBRG                                                                 (abs)        000FAF
_TRISC                                                                 (abs)        000F94
_TXREG                                                                 (abs)        000FAD
_TXSTA                                                                 (abs)        000FAC
_UART_Init                                                             text3        000698
_UART_SendChar                                                         text2        0007A8
_UART_SendString                                                       text1        00074C
__CFG_BOR$ON                                                           (abs)        000000
__CFG_BORV$20                                                          (abs)        000000
__CFG_CCP2MUX$ON                                                       (abs)        000000
__CFG_CP0$OFF                                                          (abs)        000000
__CFG_CP1$OFF                                                          (abs)        000000
__CFG_CP2$OFF                                                          (abs)        000000
__CFG_CP3$OFF                                                          (abs)        000000
__CFG_CPB$OFF                                                          (abs)        000000
__CFG_CPD$OFF                                                          (abs)        000000
__CFG_EBTR0$OFF                                                        (abs)        000000
__CFG_EBTR1$OFF                                                        (abs)        000000
__CFG_EBTR2$OFF                                                        (abs)        000000
__CFG_EBTR3$OFF                                                        (abs)        000000
__CFG_EBTRB$OFF                                                        (abs)        000000
__CFG_LVP$ON                                                           (abs)        000000
__CFG_OSC$HS                                                           (abs)        000000
__CFG_OSCS$OFF                                                         (abs)        000000
__CFG_PWRT$OFF                                                         (abs)        000000
__CFG_STVR$ON                                                          (abs)        000000
__CFG_WDT$OFF                                                          (abs)        000000
__CFG_WDTPS$128                                                        (abs)        000000
__CFG_WRT0$OFF                                                         (abs)        000000
__CFG_WRT1$OFF                                                         (abs)        000000
__CFG_WRT2$OFF                                                         (abs)        000000
__CFG_WRT3$OFF                                                         (abs)        000000
__CFG_WRTB$OFF                                                         (abs)        000000
__CFG_WRTC$OFF                                                         (abs)        000000
__CFG_WRTD$OFF                                                         (abs)        000000
__HRAM                                                                 (abs)        000000
__Habs1                                                                abs1         000000
__Hbank0                                                               bank0        000000
__Hbank1                                                               bank1        000000
__Hbank2                                                               bank2        000000
__Hbank3                                                               bank3        000000
__Hbank4                                                               bank4        000000
__Hbank5                                                               bank5        000000
__Hbigbss                                                              bigbss       000000
__Hbigdata                                                             bigdata      000000
__Hbigram                                                              bigram       000000
__Hbss                                                                 bss          000000
__Hcinit                                                               cinit        000000
__Hclrtext                                                             clrtext      000000
__Hcomram                                                              comram       000000
__Hconfig                                                              config       30000E
__Hconst                                                               const        000000
__HcstackCOMRAM                                                        cstackCOMRAM 000000
__Hdata                                                                data         000000
__Heeprom_data                                                         eeprom_data  000000
__Hfarbss                                                              farbss       000000
__Hfardata                                                             fardata      000000
__Hibigdata                                                            ibigdata     000000
__Hidata                                                               idata        000000
__Hidloc                                                               idloc        200008
__Hifardata                                                            ifardata     000000
__Hinit                                                                init         000006
__Hintcode                                                             intcode      000002
__Hintcode_body                                                        intcode_body 000000
__Hintcodelo                                                           intcodelo    000002
__Hintentry                                                            intentry     000000
__Hintret                                                              intret       000000
__Hintsave_regs                                                        intsave_regs 000000
__Hirdata                                                              irdata       000000
__Hmediumconst                                                         mediumconst  000000
__HnvFARRAM                                                            nvFARRAM     000000
__Hnvbit                                                               nvbit        000000
__Hnvrram                                                              nvrram       000000
__Hparam                                                               rparam       000000
__Hpowerup                                                             powerup      000002
__Hram                                                                 ram          000000
__Hramtop                                                              ramtop       000600
__Hrbit                                                                rbit         000000
__Hrbss                                                                rbss         000000
__Hrdata                                                               rdata        000000
__Hreset_vec                                                           reset_vec    000002
__Hrparam                                                              rparam       000000
__Hsfr                                                                 sfr          000000
__Hsmallconst                                                          smallconst   000608
__Hspace_0                                                             (abs)        30000E
__Hspace_1                                                             (abs)        00001B
__Hspace_2                                                             (abs)        000000
__Hstack                                                               stack        000000
__Hstruct                                                              struct       000000
__Htemp                                                                temp         000000
__Htext                                                                text         000000
__Htext0                                                               text0        000000
__Htext1                                                               text1        000000
__Htext2                                                               text2        000000
__Htext3                                                               text3        000000
__Htext4                                                               text4        000000
__LRAM                                                                 (abs)        000001
__Labs1                                                                abs1         000000
__Lbank0                                                               bank0        000000
__Lbank1                                                               bank1        000000
__Lbank2                                                               bank2        000000
__Lbank3                                                               bank3        000000
__Lbank4                                                               bank4        000000
__Lbank5                                                               bank5        000000
__Lbigbss                                                              bigbss       000000
__Lbigdata                                                             bigdata      000000
__Lbigram                                                              bigram       000000
__Lbss                                                                 bss          000000
__Lcinit                                                               cinit        000000
__Lclrtext                                                             clrtext      000000
__Lcomram                                                              comram       000000
__Lconfig                                                              config       300000
__Lconst                                                               const        000000
__LcstackCOMRAM                                                        cstackCOMRAM 000000
__Ldata                                                                data         000000
__Leeprom_data                                                         eeprom_data  000000
__Lfarbss                                                              farbss       000000
__Lfardata                                                             fardata      000000
__Libigdata                                                            ibigdata     000000
__Lidata                                                               idata        000000
__Lidloc                                                               idloc        200000
__Lifardata                                                            ifardata     000000
__Linit                                                                init         000002
__Lintcode                                                             intcode      000002
__Lintcode_body                                                        intcode_body 000000
__Lintcodelo                                                           intcodelo    000002
__Lintentry                                                            intentry     000000
__Lintret                                                              intret       000000
__Lintsave_regs                                                        intsave_regs 000000
__Lirdata                                                              irdata       000000
__Lmediumconst                                                         mediumconst  000000
__LnvFARRAM                                                            nvFARRAM     000000
__Lnvbit                                                               nvbit        000000
__Lnvrram                                                              nvrram       000000
__Lparam                                                               rparam       000000
__Lpowerup                                                             powerup      000002
__Lram                                                                 ram          000000
__Lramtop                                                              ramtop       000600
__Lrbit                                                                rbit         000000
__Lrbss                                                                rbss         000000
__Lrdata                                                               rdata        000000
__Lreset_vec                                                           reset_vec    000000
__Lrparam                                                              rparam       000000
__Lsfr                                                                 sfr          000000
__Lsmallconst                                                          smallconst   000600
__Lspace_0                                                             (abs)        000000
__Lspace_1                                                             (abs)        000000
__Lspace_2                                                             (abs)        000000
__Lstack                                                               stack        000000
__Lstruct                                                              struct       000000
__Ltemp                                                                temp         000000
__Ltext                                                                text         000000
__Ltext0                                                               text0        000000
__Ltext1                                                               text1        000000
__Ltext2                                                               text2        000000
__Ltext3                                                               text3        000000
__Ltext4                                                               text4        000000
__S0                                                                   (abs)        30000E
__S1                                                                   (abs)        00001B
__S2                                                                   (abs)        000000
___inthi_sp                                                            stack        000000
___intlo_sp                                                            stack        000000
___lldiv                                                               text4        000608
___lldiv@counter                                                       cstackCOMRAM 00000D
___lldiv@dividend                                                      cstackCOMRAM 000001
___lldiv@divisor                                                       cstackCOMRAM 000005
___lldiv@quotient                                                      cstackCOMRAM 000009
___param_bank                                                          (abs)        000000
___rparam_used                                                         (abs)        000001
___sp                                                                  stack        000000
__accesstop                                                            (abs)        000080
__activetblptr                                                         (abs)        000001
__cntErrataNOP_C:\Users\DIPANJ~1\AppData\Local\Temp\s4po.o             (abs)        000001
__cntErrataNOP_dist/default/production\temperature-lm35.X.production.o (abs)        000013
__end_of_UART_Init                                                     text3        0006F8
__end_of_UART_SendChar                                                 text2        0007B4
__end_of_UART_SendString                                               text1        00079A
__end_of___lldiv                                                       text4        000698
__end_of__initialization                                               cinit        00079A
__end_of_main                                                          text0        00074C
__initialization                                                       cinit        00079A
__mediumconst                                                          mediumconst  000000
__pcinit                                                               cinit        00079A
__pcstackCOMRAM                                                        cstackCOMRAM 000001
__psmallconst                                                          smallconst   000600
__ptext0                                                               text0        0006F8
__ptext1                                                               text1        00074C
__ptext2                                                               text2        0007A8
__ptext3                                                               text3        000698
__ptext4                                                               text4        000608
__ramtop                                                               ramtop       000600
__size_of_UART_Init                                                    (abs)        000000
__size_of_UART_SendChar                                                (abs)        000000
__size_of_UART_SendString                                              (abs)        000000
__size_of___lldiv                                                      (abs)        000000
__size_of_main                                                         (abs)        000000
__smallconst                                                           smallconst   000600
_main                                                                  text0        0006F8
end_of_initialization                                                  cinit        00079A
intlevel0                                                              text         0007B4
intlevel1                                                              text         0007B4
intlevel2                                                              text         0007B4
intlevel3                                                              text         0007B4
stackhi                                                                (abs)        0005FF
stacklo                                                                (abs)        000080
start                                                                  init         000002
start_initialization                                                   cinit        00079A


FUNCTION INFORMATION:

 *************** function _main *****************
 Defined at:
		line 18 in file "newmain.c"
 Parameters:    Size  Location     Type
  argc            2   19[COMRAM] int 
  argv            3   21[COMRAM] PTR PTR unsigned char 
 Auto vars:     Size  Location     Type
		None
 Return value:  Size  Location     Type
                  2   19[COMRAM] int 
 Registers used:
		wreg, status,2, status,0, tblptrl, tblptrh, tblptru, cstack
 Tracked objects:
		On entry : 
		On exit  : 
		Unchanged: 
 Data sizes:     COMRAM   BANK0   BANK1   BANK2   BANK3   BANK4   BANK5
      Params:         5       0       0       0       0       0       0
      Locals:         0       0       0       0       0       0       0
      Temps:          2       0       0       0       0       0       0
      Totals:         7       0       0       0       0       0       0
Total ram usage:        7 bytes
 Hardware stack levels required when called:    2
 This function calls:
		_UART_Init
		_UART_SendChar
		_UART_SendString
 This function is called by:
		Startup code after reset
 This function uses a non-reentrant model


 *************** function _UART_SendString *****************
 Defined at:
		line 32 in file "./uart.h"
 Parameters:    Size  Location     Type
  str             2    0[COMRAM] PTR unsigned char 
		 -> STR_1(5), 
 Auto vars:     Size  Location     Type
		None
 Return value:  Size  Location     Type
                  1    wreg      void 
 Registers used:
		wreg, status,2, status,0, tblptrl, tblptrh, tblptru
 Tracked objects:
		On entry : 
		On exit  : 
		Unchanged: 
 Data sizes:     COMRAM   BANK0   BANK1   BANK2   BANK3   BANK4   BANK5
      Params:         2       0       0       0       0       0       0
      Locals:         0       0       0       0       0       0       0
      Temps:          2       0       0       0       0       0       0
      Totals:         4       0       0       0       0       0       0
Total ram usage:        4 bytes
 Hardware stack levels used:    1
 This function calls:
		Nothing
 This function is called by:
		_main
 This function uses a non-reentrant model


 *************** function _UART_SendChar *****************
 Defined at:
		line 27 in file "./uart.h"
 Parameters:    Size  Location     Type
  data            1    wreg     unsigned char 
 Auto vars:     Size  Location     Type
  data            1    0[COMRAM] unsigned char 
 Return value:  Size  Location     Type
                  1    wreg      void 
 Registers used:
		wreg
 Tracked objects:
		On entry : 
		On exit  : 
		Unchanged: 
 Data sizes:     COMRAM   BANK0   BANK1   BANK2   BANK3   BANK4   BANK5
      Params:         0       0       0       0       0       0       0
      Locals:         1       0       0       0       0       0       0
      Temps:          0       0       0       0       0       0       0
      Totals:         1       0       0       0       0       0       0
Total ram usage:        1 bytes
 Hardware stack levels used:    1
 This function calls:
		Nothing
 This function is called by:
		_main
 This function uses a non-reentrant model


 *************** function _UART_Init *****************
 Defined at:
		line 15 in file "./uart.h"
 Parameters:    Size  Location     Type
  baudrate        2   13[COMRAM] int 
 Auto vars:     Size  Location     Type
		None
 Return value:  Size  Location     Type
                  1    wreg      void 
 Registers used:
		wreg, status,2, status,0, cstack
 Tracked objects:
		On entry : 
		On exit  : 
		Unchanged: 
 Data sizes:     COMRAM   BANK0   BANK1   BANK2   BANK3   BANK4   BANK5
      Params:         2       0       0       0       0       0       0
      Locals:         0       0       0       0       0       0       0
      Temps:          4       0       0       0       0       0       0
      Totals:         6       0       0       0       0       0       0
Total ram usage:        6 bytes
 Hardware stack levels used:    1
 Hardware stack levels required when called:    1
 This function calls:
		___lldiv
 This function is called by:
		_main
 This function uses a non-reentrant model


 *************** function ___lldiv *****************
 Defined at:
		line 7 in file "C:\Program Files (x86)\Microchip\xc8\v2.05\pic\sources\c99\common\__lldiv.c"
 Parameters:    Size  Location     Type
  dividend        4    0[COMRAM] unsigned long 
  divisor         4    4[COMRAM] unsigned long 
 Auto vars:     Size  Location     Type
  quotient        4    8[COMRAM] unsigned long 
  counter         1   12[COMRAM] unsigned char 
 Return value:  Size  Location     Type
                  4    0[COMRAM] unsigned long 
 Registers used:
		wreg, status,2, status,0
 Tracked objects:
		On entry : 
		On exit  : 
		Unchanged: 
 Data sizes:     COMRAM   BANK0   BANK1   BANK2   BANK3   BANK4   BANK5
      Params:         8       0       0       0       0       0       0
      Locals:         5       0       0       0       0       0       0
      Temps:          0       0       0       0       0       0       0
      Totals:        13       0       0       0       0       0       0
Total ram usage:       13 bytes
 Hardware stack levels used:    1
 This function calls:
		Nothing
 This function is called by:
		_UART_Init
 This function uses a non-reentrant model



MODULE INFORMATION

Module		Function		Class		Link	Load	Size
newmain.c
		_main          		CODE           	06F8	0000	85

newmain.c estimated size: 85

./uart.h
		_UART_SendString		CODE           	074C	0000	79
		_UART_Init     		CODE           	0698	0000	97
		_UART_SendChar 		CODE           	07A8	0000	13

./uart.h estimated size: 189

C:\Program Files (x86)\Microchip\xc8\v2.05\pic\sources\c99\common\__lldiv.c
		___lldiv       		CODE           	0608	0000	145

C:\Program Files (x86)\Microchip\xc8\v2.05\pic\sources\c99\common\__lldiv.c estimated size: 145

shared
		__initialization		CODE           	079A	0000	1

shared estimated size: 1

